<html>
<body>
<pre>
<h1>µVision Build Log</h1>
<h2>Tool Versions:</h2>
IDE-Version: µVision V5.26.2.0
Copyright (C) 2018 ARM Ltd and ARM Germany GmbH. All rights reserved.
License Information: IoT Team, CDAC, LIC=----
 
Tool Versions:
Toolchain:       MDK-Lite  Version: 5.26.2.0
Toolchain Path:  C:\Keil_v5\ARM\ARMCC\Bin
C Compiler:      Armcc.exe V5.06 update 6 (build 750)
Assembler:       Armasm.exe V5.06 update 6 (build 750)
Linker/Locator:  ArmLink.exe V5.06 update 6 (build 750)
Library Manager: ArmAr.exe V5.06 update 6 (build 750)
Hex Converter:   FromElf.exe V5.06 update 6 (build 750)
CPU DLL:         SARMCM3.DLL V5.26.2.0
Dialog DLL:      DCM.DLL V1.17.2.0
Target DLL:      STLink\ST-LINKIII-KEIL_SWO.dll V3.0.5.0
Dialog DLL:      TCM.DLL V1.36.1.0
 
<h2>Project:</h2>
D:\1_Akash\sens_Prog\FINAL\STM_I2C_LTR\MDK-ARM\STM_I2C_LTR.uvprojx
Project File Date:  07/07/2021

<h2>Output:</h2>
*** Using Compiler 'V5.06 update 6 (build 750)', folder: 'C:\Keil_v5\ARM\ARMCC\Bin'
Build target 'STM_I2C_LTR'
compiling main.c...
../Src/main.c(76): warning:  #223-D: function "vsprintf" declared implicitly
  	if(0<vsprintf(string,fmt,argp)){
../Src/main.c(235): warning:  #1035-D: single-precision operand implicitly converted to double-precision
  		if(ratio<0.45)
../Src/main.c(237): warning:  #1035-D: single-precision operand implicitly converted to double-precision
  		else if(ratio<0.64&&ratio>=0.45)
../Src/main.c(237): warning:  #1035-D: single-precision operand implicitly converted to double-precision
  		else if(ratio<0.64&&ratio>=0.45)
../Src/main.c(239): warning:  #1035-D: single-precision operand implicitly converted to double-precision
  		else if(ratio<0.85&&ratio>=0.64)
../Src/main.c(239): warning:  #1035-D: single-precision operand implicitly converted to double-precision
  		else if(ratio<0.85&&ratio>=0.64)
../Src/main.c: 6 warnings, 0 errors
linking...
Program Size: Code=13320 RO-data=552 RW-data=16 ZI-data=1280  
FromELF: creating hex file...
"STM_I2C_LTR\STM_I2C_LTR.axf" - 0 Error(s), 6 Warning(s).

<h2>Software Packages used:</h2>

Package Vendor: ARM
                http://www.keil.com/pack/ARM.CMSIS.5.7.0.pack
                ARM.CMSIS.5.7.0
                CMSIS (Cortex Microcontroller Software Interface Standard)
   * Component: CORE Version: 5.4.0

Package Vendor: Keil
                http://www.keil.com/pack/Keil.STM32G4xx_DFP.1.3.0.pack
                Keil.STM32G4xx_DFP.1.3.0
                STMicroelectronics STM32G4 Series Device Support, Drivers and Examples

<h2>Collection of Component include folders:</h2>
  .\RTE\_STM_I2C_LTR
  C:\Keil_v5\ARM\PACK\ARM\CMSIS\5.7.0\CMSIS\Core\Include
  C:\Keil_v5\ARM\PACK\Keil\STM32G4xx_DFP\1.3.0\Drivers\CMSIS\Device\ST\STM32G4xx\Include

<h2>Collection of Component Files used:</h2>

   * Component: ARM::CMSIS:CORE:5.4.0
Build Time Elapsed:  00:00:06
</pre>
</body>
</html>
